17:01:56 **** Incremental Build of configuration Debug for project FreeRtos_Projects ****
make -j8 all 
arm-none-eabi-gcc "../Core/Src/stm32f4xx_hal_msp.c" -mcpu=cortex-m4 -std=gnu11 -g3 -DDEBUG -DUSE_HAL_DRIVER -DSTM32F407xx -c -I../Core/Inc -I"E:/workspace/FreeRtos/FreeRtos_Projects/ThirdParty/SEGGER/Config" -I"E:/workspace/FreeRtos/FreeRtos_Projects/ThirdParty/SEGGER/OS" -I"E:/workspace/FreeRtos/FreeRtos_Projects/ThirdParty/SEGGER/SEGGER" -I"E:/workspace/FreeRtos/FreeRtos_Projects/ThirdParty/FreeRTOS" -I"E:/workspace/FreeRtos/FreeRtos_Projects/ThirdParty/FreeRTOS/portable/GCC/ARM_CM4F" -I"E:/workspace/FreeRtos/FreeRtos_Projects/ThirdParty/FreeRTOS/include" -I../Drivers/STM32F4xx_HAL_Driver/Inc -I../Drivers/STM32F4xx_HAL_Driver/Inc/Legacy -I../Drivers/CMSIS/Device/ST/STM32F4xx/Include -I../Drivers/CMSIS/Include -O0 -ffunction-sections -fdata-sections -Wall -fstack-usage -MMD -MP -MF"Core/Src/stm32f4xx_hal_msp.d" -MT"Core/Src/stm32f4xx_hal_msp.o" --specs=nano.specs -mfpu=fpv4-sp-d16 -mfloat-abi=hard -mthumb -o "Core/Src/stm32f4xx_hal_msp.o"
arm-none-eabi-gcc -o "FreeRtos_Projects.elf" @"objects.list"   -mcpu=cortex-m4 -T"E:\workspace\FreeRtos\FreeRtos_Projects\STM32F407VGTX_FLASH.ld" --specs=nosys.specs -Wl,-Map="FreeRtos_Projects.map" -Wl,--gc-sections -static --specs=nano.specs -mfpu=fpv4-sp-d16 -mfloat-abi=hard -mthumb -Wl,--start-group -lc -lm -Wl,--end-group
Finished building target: FreeRtos_Projects.elf
 
arm-none-eabi-size   FreeRtos_Projects.elf 
arm-none-eabi-objdump -h -S  FreeRtos_Projects.elf  > "FreeRtos_Projects.list"
   text	   data	    bss	    dec	    hex	filename
  28676	    128	  84640	 113444	  1bb24	FreeRtos_Projects.elf
Finished building: default.size.stdout
 
Finished building: FreeRtos_Projects.list
 
17:03:28 **** Incremental Build of configuration Debug for project FreeRtos_Projects ****
make -j8 all 
arm-none-eabi-size   FreeRtos_Projects.elf 
   text	   data	    bss	    dec	    hex	filename
  28676	    128	  84640	 113444	  1bb24	FreeRtos_Projects.elf
Finished building: default.size.stdout
 
17:05:48 **** Incremental Build of configuration Debug for project FreeRtos_Projects ****
make -j8 all 
arm-none-eabi-size   FreeRtos_Projects.elf 
   text	   data	    bss	    dec	    hex	filename
  28676	    128	  84640	 113444	  1bb24	FreeRtos_Projects.elf
Finished building: default.size.stdout
 
